[tailwindcss.com/docs/installation.html]
[backblue.gif]
[fade.gif]
[index.html]
[tailwindcss.com/favicons/apple-touch-icon30f4.png]
[tailwindcss.com/favicons/favicon-32x3230f4.png]
[tailwindcss.com/favicons/favicon-16x1630f4.png]
[tailwindcss.com/_next/static/css/e7c43a1e0dc5e264.css]
[tailwindcss.com/_next/static/chunks/polyfills-c67a75d1b6f99dc8.js]
[tailwindcss.com/_next/static/chunks/webpack-cefddfb7403e4fd5.js]
[tailwindcss.com/_next/static/chunks/framework-f44ba79936f400b5.js]
[tailwindcss.com/_next/static/chunks/main-97a8631521ccb481.js]
[tailwindcss.com/_next/static/chunks/pages/_app-bdbf067a529434d3.js]
[tailwindcss.com/_next/static/chunks/6637-50e9a789d0220a03.js]
[tailwindcss.com/_next/static/chunks/8555-4edef4e93654a2fb.js]
[tailwindcss.com/_next/static/chunks/4713-4e93868419512640.js]
[tailwindcss.com/_next/static/chunks/8055-cd665519552c23e7.js]
[tailwindcss.com/_next/static/chunks/4794-c65f58a771a67617.js]
[tailwindcss.com/_next/static/chunks/pages/docs/installation-674be62eaaaf2607.js]
[tailwindcss.com/_next/static/saL56V7124XobJ3rVJxdT/_buildManifest.js]
[tailwindcss.com/_next/static/saL56V7124XobJ3rVJxdT/_ssgManifest.js]
[tailwindcss.com/_next/static/media/docs@tinypng.d9e4dcdc.png]
[tailwindcss.com/_next/static/media/docs-dark@tinypng.1bbe175e.png]
[tailwindcss.com/docs/editor-setup]
[tailwindcss.com/docs/using-with-preprocessors]
[tailwindcss.com/docs/optimizing-for-production]
[tailwindcss.com/docs/browser-support]
[tailwindcss.com/docs/upgrade-guide]
[tailwindcss.com/docs/utility-first]
[tailwindcss.com/docs/hover-focus-and-other-states]
[tailwindcss.com/docs/responsive-design]
[tailwindcss.com/docs/dark-mode]
[tailwindcss.com/docs/reusing-styles]
[tailwindcss.com/docs/adding-custom-styles]
[tailwindcss.com/docs/functions-and-directives]
[tailwindcss.com/docs/configuration]
[tailwindcss.com/docs/content-configuration]
[tailwindcss.com/docs/theme]
[tailwindcss.com/docs/screens]
[tailwindcss.com/docs/customizing-colors]
[tailwindcss.com/docs/customizing-spacing]
[tailwindcss.com/docs/plugins]
[tailwindcss.com/docs/presets]
[tailwindcss.com/docs/preflight]
[tailwindcss.com/docs/aspect-ratio]
[tailwindcss.com/docs/container]
[tailwindcss.com/docs/columns]
[tailwindcss.com/docs/break-after]
[tailwindcss.com/docs/break-before]
[tailwindcss.com/docs/break-inside]
[tailwindcss.com/docs/box-decoration-break]
[tailwindcss.com/docs/box-sizing]
[tailwindcss.com/docs/display]
[tailwindcss.com/docs/float]
[tailwindcss.com/docs/clear]
[tailwindcss.com/docs/isolation]
[tailwindcss.com/docs/object-fit]
[tailwindcss.com/docs/object-position]
[tailwindcss.com/docs/overflow]
[tailwindcss.com/docs/overscroll-behavior]
[tailwindcss.com/docs/position]
[tailwindcss.com/docs/top-right-bottom-left]
[tailwindcss.com/docs/visibility]
[tailwindcss.com/docs/z-index]
[tailwindcss.com/docs/flex-basis]
[tailwindcss.com/docs/flex-direction]
[tailwindcss.com/docs/flex-wrap]
[tailwindcss.com/docs/flex]
[tailwindcss.com/docs/flex-grow]
[tailwindcss.com/docs/flex-shrink]
[tailwindcss.com/docs/order]
[tailwindcss.com/docs/grid-template-columns]
[tailwindcss.com/docs/grid-column]
[tailwindcss.com/docs/grid-template-rows]
[tailwindcss.com/docs/grid-row]
[tailwindcss.com/docs/grid-auto-flow]
[tailwindcss.com/docs/grid-auto-columns]
[tailwindcss.com/docs/grid-auto-rows]
[tailwindcss.com/docs/gap]
[tailwindcss.com/docs/justify-content]
[tailwindcss.com/docs/justify-items]
[tailwindcss.com/docs/justify-self]
[tailwindcss.com/docs/align-content]
[tailwindcss.com/docs/align-items]
[tailwindcss.com/docs/align-self]
[tailwindcss.com/docs/place-content]
[tailwindcss.com/docs/place-items]
[tailwindcss.com/docs/place-self]
[tailwindcss.com/docs/padding]
[tailwindcss.com/docs/margin]
[tailwindcss.com/docs/space]
[tailwindcss.com/docs/width]
[tailwindcss.com/docs/min-width]
[tailwindcss.com/docs/max-width]
[tailwindcss.com/docs/height]
[tailwindcss.com/docs/min-height]
[tailwindcss.com/docs/max-height]
[tailwindcss.com/docs/font-family]
[tailwindcss.com/docs/font-size]
[tailwindcss.com/docs/font-smoothing]
[tailwindcss.com/docs/font-style]
[tailwindcss.com/docs/font-weight]
[tailwindcss.com/docs/font-variant-numeric]
[tailwindcss.com/docs/letter-spacing]
[tailwindcss.com/docs/line-height]
[tailwindcss.com/docs/list-style-type]
[tailwindcss.com/docs/list-style-position]
[tailwindcss.com/docs/text-align]
[tailwindcss.com/docs/text-color]
[tailwindcss.com/docs/text-decoration]
[tailwindcss.com/docs/text-decoration-color]
[tailwindcss.com/docs/text-decoration-style]
[tailwindcss.com/docs/text-decoration-thickness]
[tailwindcss.com/docs/text-underline-offset]
[tailwindcss.com/docs/text-transform]
[tailwindcss.com/docs/text-overflow]
[tailwindcss.com/docs/text-indent]
[tailwindcss.com/docs/vertical-align]
[tailwindcss.com/docs/whitespace]
[tailwindcss.com/docs/word-break]
[tailwindcss.com/docs/content]
[tailwindcss.com/docs/background-attachment]
[tailwindcss.com/docs/background-clip]
[tailwindcss.com/docs/background-color]
[tailwindcss.com/docs/background-origin]
[tailwindcss.com/docs/background-position]
[tailwindcss.com/docs/background-repeat]
[tailwindcss.com/docs/background-size]
[tailwindcss.com/docs/background-image]
[tailwindcss.com/docs/gradient-color-stops]
[tailwindcss.com/docs/border-radius]
[tailwindcss.com/docs/border-width]
[tailwindcss.com/docs/border-color]
[tailwindcss.com/docs/border-style]
[tailwindcss.com/docs/divide-width]
[tailwindcss.com/docs/divide-color]
[tailwindcss.com/docs/divide-style]
[tailwindcss.com/docs/outline-width]
[tailwindcss.com/docs/outline-color]
[tailwindcss.com/docs/outline-style]
[tailwindcss.com/docs/outline-offset]
[tailwindcss.com/docs/ring-width]
[tailwindcss.com/docs/ring-color]
[tailwindcss.com/docs/ring-offset-width]
[tailwindcss.com/docs/ring-offset-color]
[tailwindcss.com/docs/box-shadow]
[tailwindcss.com/docs/box-shadow-color]
[tailwindcss.com/docs/opacity]
[tailwindcss.com/docs/mix-blend-mode]
[tailwindcss.com/docs/background-blend-mode]
[tailwindcss.com/docs/blur]
[tailwindcss.com/docs/brightness]
[tailwindcss.com/docs/contrast]
[tailwindcss.com/docs/drop-shadow]
[tailwindcss.com/docs/grayscale]
[tailwindcss.com/docs/hue-rotate]
[tailwindcss.com/docs/invert]
[tailwindcss.com/docs/saturate]
[tailwindcss.com/docs/sepia]
[tailwindcss.com/docs/backdrop-blur]
[tailwindcss.com/docs/backdrop-brightness]
[tailwindcss.com/docs/backdrop-contrast]
[tailwindcss.com/docs/backdrop-grayscale]
[tailwindcss.com/docs/backdrop-hue-rotate]
[tailwindcss.com/docs/backdrop-invert]
[tailwindcss.com/docs/backdrop-opacity]
[tailwindcss.com/docs/backdrop-saturate]
[tailwindcss.com/docs/backdrop-sepia]
[tailwindcss.com/docs/border-collapse]
[tailwindcss.com/docs/border-spacing]
[tailwindcss.com/docs/table-layout]
[tailwindcss.com/docs/transition-property]
[tailwindcss.com/docs/transition-duration]
[tailwindcss.com/docs/transition-timing-function]
[tailwindcss.com/docs/transition-delay]
[tailwindcss.com/docs/animation]
[tailwindcss.com/docs/scale]
[tailwindcss.com/docs/rotate]
[tailwindcss.com/docs/translate]
[tailwindcss.com/docs/skew]
[tailwindcss.com/docs/transform-origin]
[tailwindcss.com/docs/accent-color]
[tailwindcss.com/docs/appearance]
[tailwindcss.com/docs/cursor]
[tailwindcss.com/docs/caret-color]
[tailwindcss.com/docs/pointer-events]
[tailwindcss.com/docs/resize]
[tailwindcss.com/docs/scroll-behavior]
[tailwindcss.com/docs/scroll-margin]
[tailwindcss.com/docs/scroll-padding]
[tailwindcss.com/docs/scroll-snap-align]
[tailwindcss.com/docs/scroll-snap-stop]
[tailwindcss.com/docs/scroll-snap-type]
[tailwindcss.com/docs/touch-action]
[tailwindcss.com/docs/user-select]
[tailwindcss.com/docs/will-change]
[tailwindcss.com/docs/fill]
[tailwindcss.com/docs/stroke]
[tailwindcss.com/docs/stroke-width]
[tailwindcss.com/docs/screen-readers]
[tailwindcss.com/docs/typography-plugin]
[tailwindcss.com/docs/installation/using-postcss.html]
[tailwindcss.com/docs/installation/framework-guides]
[tailwindcss.com/docs/installation/play-cdn.html]
[tailwindcss.com/_next/static/media/installation.50c59fdd.jpg]
[tailwindcss.com/_next/static/media/utility-first.cd92b016.png]
[tailwindcss.com/_next/static/media/utility-first.f45fe5d8.png]
[tailwindcss.com/_next/static/media/mobile-first.b61c76c9.png]
[tailwindcss.com/_next/static/media/mobile-first.99f7f4f6.png]
[tailwindcss.com/_next/static/media/state-variants.85fa7325.png]
[tailwindcss.com/_next/static/media/state-variants.68635530.png]
[tailwindcss.com/_next/static/media/dark-mode.12db1733.png]
[tailwindcss.com/_next/static/media/dark-mode.8de2f1a4.png]
[tailwindcss.com/_next/static/media/component-driven.82a66c3c.png]
[tailwindcss.com/_next/static/media/component-driven.e5869471.png]
[tailwindcss.com/_next/static/media/customization.28527ae6.png]
[tailwindcss.com/_next/static/media/customization.706308a2.png]
[tailwindcss.com/docs/installation.html]
[tailwindcss.com/what_a_rush.png]
[tailwindcss.com/_next/static/css/e7c43a1e0dc5e264.css]
[tailwindcss.com/_next/static/chunks/2474-e8877c40b7a02476.js]
[tailwindcss.com/_next/static/chunks/pages/docs/editor-setup-16fbbb722c034cd4.js]
[tailwindcss.com/_next/static/media/intellisense.c22de782.png]
[tailwindcss.com/_next/static/media/prettier-banner.79c40690.jpg]
[tailwindcss.com/img/refactoring-ui-sidebar.png]
[tailwindcss.com/docs/editor-setup]
[tailwindcss.com/docs/using-with-preprocessors]
[tailwindcss.com/_next/static/chunks/pages/docs/using-with-preprocessors-6ec041793bb12da8.js]
[tailwindcss.com/_next/static/css/f632346b72d80b26.css]
[tailwindcss.com/_next/static/chunks/05d954cf-a483e59dca9221ec.js]
[tailwindcss.com/_next/static/chunks/4021-e55b8bcdab620b4b.js]
[tailwindcss.com/_next/static/chunks/4329-62574924eed9416f.js]
[tailwindcss.com/docs/optimizing-for-production]
[tailwindcss.com/_next/static/chunks/pages/docs/optimizing-for-production-ecda49517e9cf3bd.js]
[tailwindcss.com/docs/browser-support]
[tailwindcss.com/_next/static/chunks/pages/docs/browser-support-111c9bfab7591016.js]
[tailwindcss.com/docs/upgrade-guide]
[tailwindcss.com/_next/static/chunks/pages/docs/upgrade-guide-d2697b9361756a95.js]
[tailwindcss.com/_next/static/chunks/pages/docs/utility-first-00779066bef3a5fc.js]
[tailwindcss.com/img/erin-lindford.jpg]
[tailwindcss.com/docs/utility-first]
[tailwindcss.com/_next/static/chunks/8441-9f68313e91953cd1.js]
[tailwindcss.com/docs/hover-focus-and-other-states]
[tailwindcss.com/_next/static/chunks/pages/docs/hover-focus-and-other-states-a3a621ab2e4552c9.js]
[tailwindcss.com/_next/static/chunks/pages/docs/responsive-design-2df7155d0f4a3f8c.js]
[tailwindcss.com/docs/responsive-design]
[tailwindcss.com/docs/dark-mode]
[tailwindcss.com/_next/static/chunks/pages/docs/dark-mode-562346fd1c375c30.js]
[tailwindcss.com/_next/static/chunks/3873-f3d1c242e9c2ede7.js]
[tailwindcss.com/docs/reusing-styles]
[tailwindcss.com/_next/static/chunks/pages/docs/reusing-styles-494ae3f905dd7dea.js]
[tailwindcss.com/_next/static/chunks/9744-597dd9c0f8634398.js]
[tailwindcss.com/docs/adding-custom-styles]
[tailwindcss.com/_next/static/chunks/pages/docs/adding-custom-styles-fe8155f417ceaaf4.js]
[tailwindcss.com/_next/static/chunks/8923-730266fd16fe547e.js]
[tailwindcss.com/docs/functions-and-directives]
[tailwindcss.com/_next/static/chunks/pages/docs/functions-and-directives-97ba3489151012f4.js]
[tailwindcss.com/_next/static/chunks/3861-d2430de0a47c45a3.js]
[tailwindcss.com/_next/static/chunks/pages/docs/configuration-0bc845881c6acd25.js]
[unpkg.com/browse/tailwindcss@latest/stubs/defaultConfig.stub.f3.delayed]
[tailwindcss.com/docs/configuration]
[unpkg.com/browse/tailwindcss@3.2.7/stubs/defaultConfig.stub.html]
[tailwindcss.com/_next/static/chunks/8844-eda7dd65d34e50e0.js]
[tailwindcss.com/_next/static/chunks/5151-db8dc3c1de659d6f.js]
[tailwindcss.com/docs/content-configuration]
[tailwindcss.com/_next/static/chunks/pages/docs/content-configuration-fe53b77466550acc.js]
[tailwindcss.com/_next/static/chunks/pages/docs/theme-0c6047be04652944.js]
[tailwindcss.com/docs/theme]
[tailwindcss.com/docs/screens]
[tailwindcss.com/_next/static/chunks/pages/docs/screens-8bfcde2f2c270415.js]
[tailwindcss.com/_next/static/chunks/2095-ab4208ecdb24c1b1.js]
[tailwindcss.com/docs/customizing-colors]
[tailwindcss.com/_next/static/chunks/pages/docs/customizing-colors-00bff845834c228c.js]
[tailwindcss.com/docs/customizing-spacing]
[tailwindcss.com/_next/static/chunks/pages/docs/customizing-spacing-6fd5d1cca6d111df.js]
[tailwindcss.com/docs/plugins]
[tailwindcss.com/_next/static/chunks/pages/docs/plugins-010dbc3091b51fd5.js]
[tailwindcss.com/_next/static/chunks/pages/docs/presets-52e6eebb33bc8a70.js]
[unpkg.com/browse/tailwindcss@^2/stubs/defaultConfig.stub.js]
[unpkg.com/browse/tailwindcss@2.2.19/stubs/defaultConfig.stub.html]
[unpkg.com/browse/tailwindcss@^3/stubs/defaultConfig.stub.103.delayed]
[tailwindcss.com/docs/presets]
[tailwindcss.com/_next/static/chunks/pages/docs/preflight-c07e3e5dce3e1d1e.js]
[unpkg.com/tailwindcss@^3/src/css/preflight.css]
[unpkg.com/tailwindcss@3.2.7/src/css/preflight.css]
[tailwindcss.com/docs/adding-custom-styles#adding-base-styles]
[tailwindcss.com/docs/preflight]
[tailwindcss.com/_next/static/chunks/5531-1be6a3832797d012.js]
[tailwindcss.com/docs/aspect-ratio]
[tailwindcss.com/_next/static/chunks/pages/docs/aspect-ratio-3909167f3099da5b.js]
[tailwindcss.com/docs/container]
[tailwindcss.com/_next/static/chunks/pages/docs/container-a97d6773fcb27984.js]
[tailwindcss.com/docs/columns]
[tailwindcss.com/_next/static/chunks/pages/docs/columns-6b8ea7cc937be3f7.js]
[tailwindcss.com/docs/break-after]
[tailwindcss.com/_next/static/chunks/pages/docs/break-after-019d66689c87f285.js]
[tailwindcss.com/docs/break-before]
[tailwindcss.com/_next/static/chunks/pages/docs/break-before-b21f6988ad0df512.js]
[tailwindcss.com/docs/break-inside]
[tailwindcss.com/_next/static/chunks/pages/docs/break-inside-a65037462ed47cd5.js]
[tailwindcss.com/docs/box-decoration-break]
[tailwindcss.com/_next/static/chunks/pages/docs/box-decoration-break-70b4bd5393dc5403.js]
[tailwindcss.com/docs/box-sizing]
[tailwindcss.com/_next/static/chunks/pages/docs/box-sizing-d8a6a321f73b499c.js]
[tailwindcss.com/docs/display]
[tailwindcss.com/_next/static/chunks/pages/docs/display-0d918cd7a2b4d2be.js]
[tailwindcss.com/docs/float]
[tailwindcss.com/_next/static/chunks/pages/docs/float-6aeb8669c75373f9.js]
[tailwindcss.com/docs/clear]
[tailwindcss.com/_next/static/chunks/pages/docs/clear-ed72b7bc9b66e65f.js]
[tailwindcss.com/docs/isolation]
[tailwindcss.com/_next/static/chunks/pages/docs/isolation-844e8669a53ace64.js]
[tailwindcss.com/docs/object-fit]
[tailwindcss.com/_next/static/chunks/pages/docs/object-fit-98496e959d1a2502.js]
[tailwindcss.com/docs/object-position]
[tailwindcss.com/_next/static/chunks/pages/docs/object-position-ad3e1a54f050e59e.js]
[tailwindcss.com/docs/overflow]
[tailwindcss.com/_next/static/chunks/pages/docs/overflow-34e6bb37006e522e.js]
[tailwindcss.com/docs/overscroll-behavior]
[tailwindcss.com/_next/static/chunks/pages/docs/overscroll-behavior-36a4468773161d3f.js]
[tailwindcss.com/docs/position]
[tailwindcss.com/_next/static/chunks/pages/docs/position-9a698ad0c9404fba.js]
[tailwindcss.com/_next/static/chunks/9975-8b51f4882f217862.js]
[tailwindcss.com/docs/top-right-bottom-left]
[tailwindcss.com/_next/static/chunks/pages/docs/top-right-bottom-left-6b79a90d79bda163.js]
[tailwindcss.com/docs/visibility]
[tailwindcss.com/_next/static/chunks/pages/docs/visibility-27836203cc1b1f37.js]
[tailwindcss.com/docs/z-index]
[tailwindcss.com/_next/static/chunks/pages/docs/z-index-ce4440438fcef7cf.js]
[tailwindcss.com/docs/flex-basis]
[tailwindcss.com/_next/static/chunks/pages/docs/flex-basis-53f5df57da73a5df.js]
[tailwindcss.com/docs/flex-direction]
[tailwindcss.com/_next/static/chunks/pages/docs/flex-direction-a7437c1e858ed1e4.js]
[tailwindcss.com/docs/flex-wrap]
[tailwindcss.com/_next/static/chunks/pages/docs/flex-wrap-9297959703228e34.js]
[tailwindcss.com/docs/flex]
[tailwindcss.com/_next/static/chunks/pages/docs/flex-e90cc8e0b1469f5a.js]
[tailwindcss.com/docs/flex-grow]
[tailwindcss.com/_next/static/chunks/pages/docs/flex-grow-bcfaf8ffbc4f8e3c.js]
[tailwindcss.com/docs/flex-shrink]
[tailwindcss.com/_next/static/chunks/pages/docs/flex-shrink-752322047e0d2e17.js]
[tailwindcss.com/docs/order]
[tailwindcss.com/_next/static/chunks/pages/docs/order-a1b7ed22c924ed3e.js]
[tailwindcss.com/docs/grid-template-columns]
[tailwindcss.com/_next/static/chunks/pages/docs/grid-template-columns-a7833bd08b395044.js]
[tailwindcss.com/docs/grid-column]
[tailwindcss.com/_next/static/chunks/pages/docs/grid-column-99657a2e71b3c2c8.js]
[tailwindcss.com/docs/grid-template-rows]
[tailwindcss.com/_next/static/chunks/pages/docs/grid-template-rows-705478cb3a3f65b7.js]
[tailwindcss.com/docs/grid-row]
[tailwindcss.com/_next/static/chunks/pages/docs/grid-row-54f8bc261810a778.js]
[tailwindcss.com/docs/grid-auto-flow]
[tailwindcss.com/_next/static/chunks/pages/docs/grid-auto-flow-24955772a0394a84.js]
[tailwindcss.com/docs/grid-auto-columns]
[tailwindcss.com/_next/static/chunks/pages/docs/grid-auto-columns-8dd021c360ecf237.js]
[tailwindcss.com/docs/grid-auto-rows]
[tailwindcss.com/_next/static/chunks/pages/docs/grid-auto-rows-33b55cd361f56343.js]
[tailwindcss.com/docs/gap]
[tailwindcss.com/_next/static/chunks/pages/docs/gap-1eaadeb1893159c7.js]
[tailwindcss.com/docs/justify-content]
[tailwindcss.com/_next/static/chunks/pages/docs/justify-content-2b831fd521392e92.js]
[tailwindcss.com/docs/justify-items]
[tailwindcss.com/_next/static/chunks/pages/docs/justify-items-2ba713b5ce266a88.js]
[tailwindcss.com/docs/justify-self]
[tailwindcss.com/_next/static/chunks/pages/docs/justify-self-e25730ba19b19114.js]
[tailwindcss.com/docs/align-content]
[tailwindcss.com/_next/static/chunks/pages/docs/align-content-3f3d3c0fb4d21cba.js]
[tailwindcss.com/docs/align-items]
[tailwindcss.com/_next/static/chunks/pages/docs/align-items-708714dd763f0a51.js]
[tailwindcss.com/docs/align-self]
[tailwindcss.com/_next/static/chunks/pages/docs/align-self-6cdfa8cb06645efc.js]
[tailwindcss.com/docs/place-content]
[tailwindcss.com/_next/static/chunks/pages/docs/place-content-966d8c64c12efcef.js]
[tailwindcss.com/docs/place-items]
[tailwindcss.com/_next/static/chunks/pages/docs/place-items-55c027a1492ccd80.js]
[tailwindcss.com/docs/place-self]
[tailwindcss.com/_next/static/chunks/pages/docs/place-self-1d12f8fbae197e85.js]
[tailwindcss.com/_next/static/chunks/7406-800944e3ef1b94f7.js]
[tailwindcss.com/docs/padding]
[tailwindcss.com/_next/static/chunks/pages/docs/padding-c6878a6b4b341e1e.js]
[tailwindcss.com/_next/static/chunks/2473-f0917f3a8342c88e.js]
[tailwindcss.com/docs/margin]
[tailwindcss.com/_next/static/chunks/pages/docs/margin-235cd6458de30c63.js]
[tailwindcss.com/_next/static/chunks/3240-9044779bff6bf9d7.js]
[tailwindcss.com/docs/space]
[tailwindcss.com/_next/static/chunks/pages/docs/space-9257177fc4b4e0f1.js]
[tailwindcss.com/docs/width]
[tailwindcss.com/_next/static/chunks/pages/docs/width-b372154f71e57261.js]
[tailwindcss.com/docs/min-width]
[tailwindcss.com/_next/static/chunks/pages/docs/min-width-a9a8d7a576f40fa7.js]
[tailwindcss.com/docs/max-width]
[tailwindcss.com/_next/static/chunks/pages/docs/max-width-6e6d368612bad62f.js]
[tailwindcss.com/docs/height]
[tailwindcss.com/_next/static/chunks/pages/docs/height-e9b5b8dddd089e7b.js]
[tailwindcss.com/docs/min-height]
[tailwindcss.com/_next/static/chunks/pages/docs/min-height-4f58203c1df55b37.js]
[tailwindcss.com/docs/max-height]
[tailwindcss.com/_next/static/chunks/pages/docs/max-height-84f4d81e10c7b075.js]
[tailwindcss.com/docs/font-family]
[tailwindcss.com/_next/static/chunks/pages/docs/font-family-08b0393e6f517eda.js]
[tailwindcss.com/docs/font-size]
[tailwindcss.com/_next/static/chunks/pages/docs/font-size-276ef4fdfea873da.js]
[tailwindcss.com/docs/font-smoothing]
[tailwindcss.com/_next/static/chunks/pages/docs/font-smoothing-18f46a624bfe5e20.js]
[tailwindcss.com/docs/font-style]
[tailwindcss.com/_next/static/chunks/pages/docs/font-style-ead2d0ae614f608b.js]
[tailwindcss.com/docs/font-weight]
[tailwindcss.com/_next/static/chunks/pages/docs/font-weight-a9b44849fcf628ad.js]
[tailwindcss.com/docs/font-variant-numeric]
[tailwindcss.com/_next/static/chunks/pages/docs/font-variant-numeric-f52a3be9aae4178d.js]
[tailwindcss.com/_next/static/chunks/404-f729fd15217f1dc4.js]
[tailwindcss.com/docs/letter-spacing]
[tailwindcss.com/_next/static/chunks/pages/docs/letter-spacing-aaaada55346cefe9.js]
[tailwindcss.com/docs/line-height]
[tailwindcss.com/_next/static/chunks/pages/docs/line-height-cccfd0528fd69277.js]
[tailwindcss.com/docs/list-style-type]
[tailwindcss.com/_next/static/chunks/pages/docs/list-style-type-893fdbff5fec33f1.js]
[tailwindcss.com/docs/list-style-position]
[tailwindcss.com/_next/static/chunks/pages/docs/list-style-position-43db0e93f400cb90.js]
[tailwindcss.com/docs/text-align]
[tailwindcss.com/_next/static/chunks/pages/docs/text-align-3748ddbcfe679366.js]
[tailwindcss.com/_next/static/chunks/1329-3d5202b1e2a35e1d.js]
[tailwindcss.com/_next/static/chunks/3679-1738516a99418bfa.js]
[tailwindcss.com/_next/static/chunks/pages/docs/text-color-2db7a537718eb20e.js]
[tailwindcss.com/docs/text-color]
[tailwindcss.com/docs/text-decoration]
[tailwindcss.com/_next/static/chunks/pages/docs/text-decoration-a374af2212a85831.js]
[tailwindcss.com/_next/static/chunks/9795-767118034452078b.js]
[tailwindcss.com/_next/static/chunks/pages/docs/text-decoration-color-aff64c7ad0ae4910.js]
[tailwindcss.com/docs/text-decoration-color]
[tailwindcss.com/docs/text-decoration-style]
[tailwindcss.com/_next/static/chunks/pages/docs/text-decoration-style-9c28049ad580a902.js]
[tailwindcss.com/docs/text-decoration-thickness]
[tailwindcss.com/_next/static/chunks/pages/docs/text-decoration-thickness-319a7e14e1e7af4e.js]
[tailwindcss.com/docs/text-underline-offset]
[tailwindcss.com/_next/static/chunks/pages/docs/text-underline-offset-dbaa983897537ce8.js]
[tailwindcss.com/docs/text-transform]
[tailwindcss.com/_next/static/chunks/pages/docs/text-transform-79658a5981b9198c.js]
[tailwindcss.com/docs/text-overflow]
[tailwindcss.com/_next/static/chunks/pages/docs/text-overflow-c2916a26e5eef95c.js]
[tailwindcss.com/docs/text-indent]
[tailwindcss.com/_next/static/chunks/pages/docs/text-indent-35e0018a31b55b8b.js]
[tailwindcss.com/docs/vertical-align]
[tailwindcss.com/_next/static/chunks/pages/docs/vertical-align-154e4325c01cf7fb.js]
[tailwindcss.com/docs/whitespace]
[tailwindcss.com/_next/static/chunks/pages/docs/whitespace-0195164c0ffa10eb.js]
[tailwindcss.com/docs/word-break]
[tailwindcss.com/_next/static/chunks/pages/docs/word-break-9683cdf501cbf3ed.js]
[tailwindcss.com/docs/content]
[tailwindcss.com/_next/static/chunks/pages/docs/content-6adf33534ed789f2.js]
[tailwindcss.com/docs/background-attachment]
[tailwindcss.com/_next/static/chunks/pages/docs/background-attachment-1aa77944eb05ba0f.js]
[tailwindcss.com/docs/background-clip]
[tailwindcss.com/_next/static/chunks/pages/docs/background-clip-2fcd8284677568d0.js]
[tailwindcss.com/_next/static/chunks/4089-41e6bd2055d6dda0.js]
[tailwindcss.com/_next/static/chunks/pages/docs/background-color-a438c7f56268d1ba.js]
[tailwindcss.com/docs/background-color]
[tailwindcss.com/docs/background-origin]
[tailwindcss.com/_next/static/chunks/pages/docs/background-origin-9e1058e7f4e30791.js]
[tailwindcss.com/docs/background-position]
[tailwindcss.com/_next/static/chunks/pages/docs/background-position-5dcfff46ebca1ee5.js]
[tailwindcss.com/docs/background-repeat]
[tailwindcss.com/_next/static/chunks/pages/docs/background-repeat-781f4521ece3c0f7.js]
[tailwindcss.com/docs/background-size]
[tailwindcss.com/_next/static/chunks/pages/docs/background-size-47d700dbe2a5d430.js]
[tailwindcss.com/docs/background-image]
[tailwindcss.com/_next/static/chunks/pages/docs/background-image-642c4fd902a44d1c.js]
[tailwindcss.com/_next/static/chunks/7477-d4efaa3ae87c9281.js]
[tailwindcss.com/_next/static/chunks/pages/docs/gradient-color-stops-8c8d304a3101df50.js]
[tailwindcss.com/docs/gradient-color-stops]
[tailwindcss.com/_next/static/chunks/4722-b9bd726894374c77.js]
[tailwindcss.com/docs/border-radius]
[tailwindcss.com/_next/static/chunks/pages/docs/border-radius-8ac06be917e8344a.js]
[tailwindcss.com/docs/border-width]
[tailwindcss.com/_next/static/chunks/pages/docs/border-width-d46b91a2d203ad0e.js]
[tailwindcss.com/_next/static/chunks/9d72ad27-9aea90910a0aed16.js]
[tailwindcss.com/_next/static/chunks/pages/docs/border-color-642114781f78a3a1.js]
[tailwindcss.com/docs/border-color]
[tailwindcss.com/docs/border-style]
[tailwindcss.com/_next/static/chunks/pages/docs/border-style-5c86d0ccc48849cc.js]
[tailwindcss.com/docs/divide-width]
[tailwindcss.com/_next/static/chunks/pages/docs/divide-width-cb007c185e528bba.js]
[tailwindcss.com/_next/static/chunks/1774-6d010c4f5a724a89.js]
[tailwindcss.com/_next/static/chunks/pages/docs/divide-color-6b60a4f54aad7fae.js]
[tailwindcss.com/docs/divide-color]
[tailwindcss.com/docs/divide-style]
[tailwindcss.com/_next/static/chunks/pages/docs/divide-style-1702cf8f9dafa603.js]
[tailwindcss.com/docs/outline-width]
[tailwindcss.com/_next/static/chunks/pages/docs/outline-width-bb1f1e9a30cc0b9d.js]
[tailwindcss.com/_next/static/chunks/5600-0433bd7832fbdcb6.js]
[tailwindcss.com/_next/static/chunks/pages/docs/outline-color-0dc5fa44c783158b.js]
[tailwindcss.com/docs/outline-color]
[tailwindcss.com/docs/outline-style]
[tailwindcss.com/_next/static/chunks/pages/docs/outline-style-ad15311bdd48e7b4.js]
[tailwindcss.com/docs/outline-offset]
[tailwindcss.com/_next/static/chunks/pages/docs/outline-offset-4d1fcecb1fd50400.js]
[tailwindcss.com/_next/static/chunks/pages/docs/ring-width-f593209c37cf1834.js]
[tailwindcss.com/docs/ring-color#changing-the-opacity]
[tailwindcss.com/docs/ring-width]
[tailwindcss.com/_next/static/chunks/7150-9f1683ecee0df1a6.js]
[tailwindcss.com/_next/static/chunks/pages/docs/ring-color-ac6621efad57935a.js]
[tailwindcss.com/docs/ring-color]
[tailwindcss.com/docs/ring-offset-width]
[tailwindcss.com/_next/static/chunks/pages/docs/ring-offset-width-b2daa18a3b0358f7.js]
[tailwindcss.com/_next/static/chunks/2949-962376a86e1688cd.js]
[tailwindcss.com/_next/static/chunks/pages/docs/ring-offset-color-01aebed14abd8642.js]
[tailwindcss.com/docs/ring-offset-color]
[tailwindcss.com/docs/box-shadow]
[tailwindcss.com/_next/static/chunks/pages/docs/box-shadow-67528c662a5c6180.js]
[tailwindcss.com/_next/static/chunks/2023-94a49872a0b257ca.js]
[tailwindcss.com/_next/static/chunks/pages/docs/box-shadow-color-fd9d5572c34ec668.js]
[tailwindcss.com/docs/box-shadow-color]
[tailwindcss.com/docs/opacity]
[tailwindcss.com/_next/static/chunks/pages/docs/opacity-777b999df3f8f3f8.js]
[tailwindcss.com/docs/mix-blend-mode]
[tailwindcss.com/_next/static/chunks/pages/docs/mix-blend-mode-f26b4a07d195dce5.js]
[tailwindcss.com/docs/background-blend-mode]
[tailwindcss.com/_next/static/chunks/pages/docs/background-blend-mode-21db16f7be8c538e.js]
[tailwindcss.com/_next/static/chunks/8930-84fae823cc6e6965.js]
[tailwindcss.com/docs/blur]
[tailwindcss.com/_next/static/chunks/pages/docs/blur-0b1bc48473911111.js]
[tailwindcss.com/docs/brightness]
[tailwindcss.com/_next/static/chunks/pages/docs/brightness-1a4c13445e9f3487.js]
[tailwindcss.com/docs/contrast]
[tailwindcss.com/_next/static/chunks/pages/docs/contrast-09ed832c46fa8716.js]
[tailwindcss.com/docs/drop-shadow]
[tailwindcss.com/_next/static/chunks/pages/docs/drop-shadow-b91cd5f17a8f2b6d.js]
[tailwindcss.com/docs/grayscale]
[tailwindcss.com/_next/static/chunks/pages/docs/grayscale-572802ef27b14c55.js]
[tailwindcss.com/docs/hue-rotate]
[tailwindcss.com/_next/static/chunks/pages/docs/hue-rotate-914ddbd333bf5367.js]
[tailwindcss.com/docs/invert]
[tailwindcss.com/_next/static/chunks/pages/docs/invert-a12c73e8c7f7e978.js]
[tailwindcss.com/docs/saturate]
[tailwindcss.com/_next/static/chunks/pages/docs/saturate-5a0e361527e492bc.js]
[tailwindcss.com/docs/sepia]
[tailwindcss.com/_next/static/chunks/pages/docs/sepia-601da38813c745b1.js]
[tailwindcss.com/docs/backdrop-blur]
[tailwindcss.com/_next/static/chunks/pages/docs/backdrop-blur-700497bf38d56fc1.js]
[tailwindcss.com/docs/backdrop-brightness]
[tailwindcss.com/_next/static/chunks/pages/docs/backdrop-brightness-b55a936d2e491586.js]
[tailwindcss.com/docs/backdrop-contrast]
[tailwindcss.com/_next/static/chunks/pages/docs/backdrop-contrast-dfcf12490f004f5b.js]
[tailwindcss.com/docs/backdrop-grayscale]
[tailwindcss.com/_next/static/chunks/pages/docs/backdrop-grayscale-25ae878574c3759b.js]
[tailwindcss.com/docs/backdrop-hue-rotate]
[tailwindcss.com/_next/static/chunks/pages/docs/backdrop-hue-rotate-c34c7d40a867c6cb.js]
[tailwindcss.com/docs/backdrop-invert]
[tailwindcss.com/_next/static/chunks/pages/docs/backdrop-invert-1078b212efa108b2.js]
[tailwindcss.com/_next/static/chunks/4212-6846d522a4e86384.js]
[tailwindcss.com/docs/backdrop-opacity]
[tailwindcss.com/_next/static/chunks/pages/docs/backdrop-opacity-1c86f3dcb2cd103a.js]
[tailwindcss.com/docs/backdrop-saturate]
[tailwindcss.com/_next/static/chunks/pages/docs/backdrop-saturate-69999284a81aae4a.js]
[tailwindcss.com/docs/backdrop-sepia]
[tailwindcss.com/_next/static/chunks/pages/docs/backdrop-sepia-121a7c97b0bd666b.js]
[tailwindcss.com/docs/border-collapse]
[tailwindcss.com/_next/static/chunks/pages/docs/border-collapse-2f864f6fedd29d4e.js]
[tailwindcss.com/_next/static/chunks/4252-7b9fd6250337bf6e.js]
[tailwindcss.com/docs/border-spacing]
[tailwindcss.com/_next/static/chunks/pages/docs/border-spacing-134ac711891b04c2.js]
[tailwindcss.com/docs/table-layout]
[tailwindcss.com/_next/static/chunks/pages/docs/table-layout-263281692ae4a64d.js]
[tailwindcss.com/docs/transition-property]
[tailwindcss.com/_next/static/chunks/pages/docs/transition-property-1dab93cf47248a02.js]
[tailwindcss.com/docs/transition-duration]
[tailwindcss.com/_next/static/chunks/pages/docs/transition-duration-4a95cb447eb65a92.js]
[tailwindcss.com/docs/transition-timing-function]
[tailwindcss.com/_next/static/chunks/pages/docs/transition-timing-function-2cb95f88bf89d00b.js]
[tailwindcss.com/docs/transition-delay]
[tailwindcss.com/_next/static/chunks/pages/docs/transition-delay-1da32103718a8b10.js]
[tailwindcss.com/docs/animation]
[tailwindcss.com/_next/static/chunks/pages/docs/animation-ec2a8a9556bad822.js]
[tailwindcss.com/_next/static/chunks/2233-af567da0796a964d.js]
[tailwindcss.com/_next/static/chunks/696-3c0524ca621a27c7.js]
[tailwindcss.com/docs/scale]
[tailwindcss.com/_next/static/chunks/pages/docs/scale-826a03e4c4aecb09.js]
[tailwindcss.com/docs/rotate]
[tailwindcss.com/_next/static/chunks/pages/docs/rotate-d017ecd15e181176.js]
[tailwindcss.com/_next/static/chunks/107-7765b73e6b9e2e45.js]
[tailwindcss.com/docs/translate]
[tailwindcss.com/_next/static/chunks/pages/docs/translate-5553458eca9280ae.js]
[tailwindcss.com/docs/skew]
[tailwindcss.com/_next/static/chunks/pages/docs/skew-c641824e4c491ddf.js]
[tailwindcss.com/docs/transform-origin]
[tailwindcss.com/_next/static/chunks/pages/docs/transform-origin-a5c82d1b1d64a8bf.js]
[tailwindcss.com/_next/static/chunks/2412-f96b12ceb22aca7b.js]
[tailwindcss.com/_next/static/chunks/pages/docs/accent-color-1a80c46cc4230d5f.js]
[tailwindcss.com/docs/accent-color]
[tailwindcss.com/_next/static/chunks/pages/docs/appearance-e4f0d4a2f4d59359.js]
[tailwindcss.com/docs/appearance]
[tailwindcss.com/docs/cursor]
[tailwindcss.com/_next/static/chunks/pages/docs/cursor-ddff37a0d8daecb1.js]
[tailwindcss.com/_next/static/chunks/8934-f8fd9def9b487e44.js]
[tailwindcss.com/_next/static/chunks/pages/docs/caret-color-742b15f59466a82b.js]
[tailwindcss.com/docs/caret-color]
[tailwindcss.com/docs/pointer-events]
[tailwindcss.com/_next/static/chunks/pages/docs/pointer-events-9c27eef061eb7bd0.js]
[tailwindcss.com/docs/resize]
[tailwindcss.com/_next/static/chunks/pages/docs/resize-3fb1eb2db505d34c.js]
[tailwindcss.com/docs/scroll-behavior]
[tailwindcss.com/_next/static/chunks/pages/docs/scroll-behavior-56b8dc543378eac0.js]
[tailwindcss.com/_next/static/chunks/3583-fc7b8e30de48fdb3.js]
[tailwindcss.com/docs/scroll-margin]
[tailwindcss.com/_next/static/chunks/pages/docs/scroll-margin-cc84cd8ce74edadc.js]
[tailwindcss.com/_next/static/chunks/6186-4f38ad43b1cdba6e.js]
[tailwindcss.com/docs/scroll-padding]
[tailwindcss.com/_next/static/chunks/pages/docs/scroll-padding-7f2bc2823c974303.js]
[tailwindcss.com/docs/scroll-snap-align]
[tailwindcss.com/_next/static/chunks/pages/docs/scroll-snap-align-aa68a5cf1415d0ce.js]
[tailwindcss.com/docs/scroll-snap-stop]
[tailwindcss.com/_next/static/chunks/pages/docs/scroll-snap-stop-88b6ae4a44a6a2f8.js]
[tailwindcss.com/docs/scroll-snap-type]
[tailwindcss.com/_next/static/chunks/pages/docs/scroll-snap-type-8ae4e289a8722f7c.js]
[tailwindcss.com/docs/touch-action]
[tailwindcss.com/_next/static/chunks/pages/docs/touch-action-f887ec81e6741633.js]
[tailwindcss.com/docs/user-select]
[tailwindcss.com/_next/static/chunks/pages/docs/user-select-738839edbd7fd73e.js]
[tailwindcss.com/docs/will-change]
[tailwindcss.com/_next/static/chunks/pages/docs/will-change-e4cffc2722d0fce2.js]
[tailwindcss.com/_next/static/chunks/9940-f865e8f8f55fd678.js]
[tailwindcss.com/_next/static/chunks/pages/docs/fill-76a3fc1043131cc9.js]
[tailwindcss.com/docs/fill]
[tailwindcss.com/_next/static/chunks/5265-1e509b8f9ab48740.js]
[tailwindcss.com/_next/static/chunks/pages/docs/stroke-56c4e647484f27f4.js]
[tailwindcss.com/docs/stroke]
[tailwindcss.com/docs/stroke-width]
[tailwindcss.com/_next/static/chunks/pages/docs/stroke-width-e82102015ae45b0c.js]
[tailwindcss.com/docs/screen-readers]
[tailwindcss.com/_next/static/chunks/pages/docs/screen-readers-2b4814abbff52407.js]
[tailwindcss.com/_next/static/chunks/pages/docs/typography-plugin-21a58f29804cec51.js]
[tailwindcss.com/_next/static/media/typography-demo.e7148517.jpg]
[tailwindcss.com/docs/typography-plugin]
[tailwindcss.com/docs/installation/using-postcss.html]
[tailwindcss.com/_next/static/chunks/pages/docs/installation/using-postcss-5bcf911966e242c0.js]
[tailwindcss.com/_next/static/chunks/pages/docs/installation/framework-guides-46c7babc0bd24153.js]
[tailwindcss.com/docs/guides/nextjs.html]
[tailwindcss.com/docs/guides/laravel.html]
[tailwindcss.com/docs/guides/vite.html]
[tailwindcss.com/docs/guides/nuxtjs.html]
[tailwindcss.com/docs/guides/gatsby.html]
[tailwindcss.com/docs/guides/solidjs.html]
[tailwindcss.com/docs/guides/sveltekit.html]
[tailwindcss.com/docs/guides/angular.html]
[tailwindcss.com/docs/guides/ruby-on-rails.html]
[tailwindcss.com/docs/guides/remix.html]
[tailwindcss.com/docs/guides/phoenix.html]
[tailwindcss.com/docs/guides/parcel.html]
[tailwindcss.com/docs/guides/symfony.html]
[tailwindcss.com/docs/guides/meteor.html]
[tailwindcss.com/docs/guides/create-react-app.html]
[tailwindcss.com/docs/installation/framework-guides]
[tailwindcss.com/docs/guides/adonisjs.html]
[tailwindcss.com/docs/installation/play-cdn.html]
[tailwindcss.com/404]
[tailwindcss.com/_next/static/chunks/pages/docs/installation/play-cdn-3f715f600950421b.js]
[tailwindcss.com/_next/static/media/0.2a25f0af.jpg]
[tailwindcss.com/_next/static/media/0-dark@tinypng.74768a0b.png]
[tailwindcss.com/_next/static/media/1.9a971f31.jpg]
[tailwindcss.com/_next/static/media/1-dark@tinypng.a99d6c93.png]
[tailwindcss.com/_next/static/media/2.5bc438ba.jpg]
[tailwindcss.com/_next/static/media/3.9393e3b9.jpg]
[tailwindcss.com/_next/static/media/4.cf249882.jpg]
[tailwindcss.com/_next/static/media/4-dark@tinypng.cacfac06.png]
[tailwindcss.com/_next/static/media/5.de153055.jpg]
[tailwindcss.com/_next/static/media/5-dark@tinypng.ad8b3713.png]
[tailwindcss.com/_next/static/media/6.36962145.jpg]
[tailwindcss.com/_next/static/media/6-dark@tinypng.85de78ac.png]
[tailwindcss.com/_next/static/media/7.6cf74814.jpg]
[tailwindcss.com/_next/static/media/7-dark@tinypng.22f91747.png]
[tailwindcss.com/_next/static/media/8.de377256.jpg]
[tailwindcss.com/_next/static/media/8-dark@tinypng.7abc66a1.png]
[tailwindcss.com/_next/static/css/f632346b72d80b26.css]
[unpkg.com/browse/tailwindcss@3.2.7/stubs/defaultConfig.stub.html]
[unpkg.com/@emotion/core@10.0.6/dist/core.umd.min.js]
[unpkg.com/browse/tailwindcss@2.2.19/stubs/defaultConfig.stub.html]
[unpkg.com/tailwindcss@3.2.7/src/css/preflight.css]
[tailwindcss.com/docs/404]
[tailwindcss.com/docs/404-2]
[unpkg.com/tailwindcss@2.2.19/stubs/defaultConfig.stub.js]
[tailwindcss.com/docs/guides/nextjs.html]
[tailwindcss.com/_next/static/chunks/pages/docs/guides/nextjs-eb75fbb10fcea3f8.js]
[tailwindcss.com/_next/static/chunks/pages/docs/guides/laravel-928c254e89c89b4e.js]
[tailwindcss.com/docs/guides/resources/css/app.css]
[tailwindcss.com/docs/guides/css/app.css]
[tailwindcss.com/docs/guides/laravel.html]
[tailwindcss.com/docs/guides/vite.html]
[tailwindcss.com/_next/static/chunks/pages/docs/guides/vite-7aec40390235ebd7.js]
[tailwindcss.com/docs/guides/nuxtjs.html]
[tailwindcss.com/_next/static/chunks/pages/docs/guides/nuxtjs-70fe5a6777797640.js]
[tailwindcss.com/docs/guides/gatsby.html]
[tailwindcss.com/_next/static/chunks/pages/docs/guides/gatsby-a35baf196577d3be.js]
[tailwindcss.com/docs/guides/solidjs.html]
[tailwindcss.com/_next/static/chunks/pages/docs/guides/solidjs-c00a8bde329e75e7.js]
[tailwindcss.com/docs/guides/sveltekit.html]
[tailwindcss.com/_next/static/chunks/pages/docs/guides/sveltekit-e06a0bee16ebb510.js]
[tailwindcss.com/docs/guides/angular.html]
[tailwindcss.com/_next/static/chunks/pages/docs/guides/angular-fe98375dc277cf3d.js]
[tailwindcss.com/docs/guides/ruby-on-rails.html]
[tailwindcss.com/_next/static/chunks/pages/docs/guides/ruby-on-rails-5be822f88d9ba4e4.js]
[tailwindcss.com/docs/guides/remix.html]
[tailwindcss.com/_next/static/chunks/pages/docs/guides/remix-3d9de6a872c7e50e.js]
[tailwindcss.com/docs/guides/phoenix.html]
[tailwindcss.com/_next/static/chunks/pages/docs/guides/phoenix-83d90b7deac98562.js]
[tailwindcss.com/_next/static/chunks/pages/docs/guides/parcel-f7dcfb6060c0ea1e.js]
[tailwindcss.com/docs/guides/npx parcel src/index.html]
[tailwindcss.com/docs/guides/parcel.html]
[tailwindcss.com/docs/guides/symfony.html]
[tailwindcss.com/_next/static/chunks/pages/docs/guides/symfony-d13fa79b4daa3a42.js]
[tailwindcss.com/docs/guides/meteor.html]
[tailwindcss.com/_next/static/chunks/pages/docs/guides/meteor-2e5322e33ceac1de.js]
[tailwindcss.com/docs/guides/create-react-app.html]
[tailwindcss.com/_next/static/chunks/pages/docs/guides/create-react-app-c643c410b66d18ab.js]
[tailwindcss.com/docs/guides/adonisjs.html]
[tailwindcss.com/_next/static/chunks/pages/docs/guides/adonisjs-b6f3eb5067435dc7.js]
[tailwindcss.com/docs/guides/resources/css/404]
[tailwindcss.com/docs/guides/css/404]
[tailwindcss.com/docs/guides/npx parcel src/404]
[unpkg.com/react@16.8.6/umd/react.production.min.js]
[unpkg.com/react-dom@16.8.6/umd/react-dom.production.min.js]
[unpkg.com/tailwindcss@3.2.7/stubs/defaultConfig.stub.js]
